tests/invalid_code/access_modifer.bs:14:26: error: cannot access private constant `x`
